src/services/approval.service.ts(240,41): error TS2339: Property 'POST_SANCTION_PENDING' does not exist on type '{ readonly DRAFT: "draft"; readonly SUBMITTED: "submitted"; readonly CREDIT_L1_APPROVED: "credit_l1_approved"; readonly CREDIT_L2_APPROVED: "credit_l2_approved"; readonly CEO_APPROVED: "ceo_approved"; ... 7 more ...; readonly REJECTED: "rejected"; }'.
src/services/approval.service.ts(263,41): error TS2339: Property 'FULLY_ONBOARDED' does not exist on type '{ readonly DRAFT: "draft"; readonly SUBMITTED: "submitted"; readonly CREDIT_L1_APPROVED: "credit_l1_approved"; readonly CREDIT_L2_APPROVED: "credit_l2_approved"; readonly CEO_APPROVED: "ceo_approved"; ... 7 more ...; readonly REJECTED: "rejected"; }'.
src/services/credit.service.ts(48,19): error TS2551: Property 'CREDIT_APPROVED' does not exist on type '{ readonly DRAFT: "draft"; readonly SUBMITTED: "submitted"; readonly CREDIT_L1_APPROVED: "credit_l1_approved"; readonly CREDIT_L2_APPROVED: "credit_l2_approved"; readonly CEO_APPROVED: "ceo_approved"; ... 7 more ...; readonly REJECTED: "rejected"; }'. Did you mean 'CREDIT_L1_APPROVED'?
src/services/operations.service.ts(40,41): error TS2339: Property 'POST_SANCTION_PENDING' does not exist on type '{ readonly DRAFT: "draft"; readonly SUBMITTED: "submitted"; readonly CREDIT_L1_APPROVED: "credit_l1_approved"; readonly CREDIT_L2_APPROVED: "credit_l2_approved"; readonly CEO_APPROVED: "ceo_approved"; ... 7 more ...; readonly REJECTED: "rejected"; }'.
src/services/operations.service.ts(58,35): error TS2339: Property 'POST_SANCTION_COMPLETED' does not exist on type '{ readonly DRAFT: "draft"; readonly SUBMITTED: "submitted"; readonly CREDIT_L1_APPROVED: "credit_l1_approved"; readonly CREDIT_L2_APPROVED: "credit_l2_approved"; readonly CEO_APPROVED: "ceo_approved"; ... 7 more ...; readonly REJECTED: "rejected"; }'.
